// Vitest Snapshot v1, https://vitest.dev/guide/snapshot.html

exports[`Header component > mounts correctly 1`] = `
"<header data-v-daaa1507="">
  <div data-v-daaa1507="" class="header-container"><span data-v-daaa1507="" class="logo" lang="pl">Paulina Sędłak-Jakubowska</span>
    <nav data-v-55f34df1="" data-v-daaa1507="" aria-label="Main navigation" class="is-closed-nav"><button data-v-55f34df1="" aria-label="Open menu" aria-haspopup="true" aria-controls="menu-list" aria-expanded="false" class="open-trigger"><span data-v-55f34df1="" class="iconify i-mdi:menu" aria-hidden="true" style="font-size: 2rem;"></span></button>
      <ul data-v-55f34df1="" id="menu-list" class="ul-plain" role="menu" aria-label="Main navigation">
        <li data-v-55f34df1="" role="none"><a data-v-55f34df1="" href="/" role="menuitem" class="block-link nav-link">Home</a></li>
        <li data-v-55f34df1="" role="none"><a data-v-55f34df1="" href="/work" role="menuitem" class="block-link nav-link">How I work</a></li>
        <li data-v-55f34df1="" role="none"><a data-v-55f34df1="" href="/case-studies" role="menuitem" class="block-link nav-link">Case studies</a></li>
        <li data-v-55f34df1="" role="none"><a data-v-55f34df1="" href="/background" role="menuitem" class="block-link nav-link">My Background</a></li>
      </ul>
    </nav>
  </div>
</header>"
`;
